../Core/Src/main.c:128:8:ntc_get_temperature	48	static
../Core/Src/main.c:124:5:main	56	static
../Core/Src/main.c:235:6:SystemClock_Config	120	static
../Core/Src/main.c:286:13:MX_ADC1_Init	32	static
../Core/Src/main.c:352:13:MX_I2C2_Init	8	static
../Core/Src/main.c:400:13:MX_SPI3_Init	8	static
../Core/Src/main.c:440:13:MX_TIM1_Init	40	static
../Core/Src/main.c:487:13:MX_TIM2_Init	64	static
../Core/Src/main.c:546:13:MX_TIM6_Init	24	static
../Core/Src/main.c:584:13:MX_USART1_UART_Init	8	static
../Core/Src/main.c:617:13:MX_DMA_Init	16	static
../Core/Src/main.c:641:13:MX_GPIO_Init	40	static
../Core/Src/main.c:690:6:Error_Handler	4	static,ignoring_inline_asm
