../Core/Src/main.c:101:5:main	56	static
../Core/Src/main.c:240:6:SystemClock_Config	120	static
../Core/Src/main.c:291:13:MX_ADC1_Init	32	static
../Core/Src/main.c:357:13:MX_I2C2_Init	8	static
../Core/Src/main.c:405:13:MX_SPI3_Init	8	static
../Core/Src/main.c:445:13:MX_TIM1_Init	40	static
../Core/Src/main.c:492:13:MX_TIM2_Init	64	static
../Core/Src/main.c:551:13:MX_USART1_UART_Init	8	static
../Core/Src/main.c:584:13:MX_DMA_Init	16	static
../Core/Src/main.c:602:13:MX_GPIO_Init	40	static
../Core/Src/main.c:647:6:Error_Handler	4	static,ignoring_inline_asm
