Archive member included to satisfy reference by file (symbol)

C:/ST/STM32CubeIDE_1.19.0/STM32CubeIDE/plugins/com.st.stm32cube.ide.mcu.externaltools.gnu-tools-for-stm32.13.3.rel1.win32_1.0.0.202411081344/tools/bin/../lib/gcc/arm-none-eabi/13.3.1/../../../../arm-none-eabi/lib/thumb/v7e-m+fp/hard\libc_nano.a(libc_a-exit.o)
                              C:/ST/STM32CubeIDE_1.19.0/STM32CubeIDE/plugins/com.st.stm32cube.ide.mcu.externaltools.gnu-tools-for-stm32.13.3.rel1.win32_1.0.0.202411081344/tools/bin/../lib/gcc/arm-none-eabi/13.3.1/../../../../arm-none-eabi/lib/thumb/v7e-m+fp/hard/crt0.o (exit)
C:/ST/STM32CubeIDE_1.19.0/STM32CubeIDE/plugins/com.st.stm32cube.ide.mcu.externaltools.gnu-tools-for-stm32.13.3.rel1.win32_1.0.0.202411081344/tools/bin/../lib/gcc/arm-none-eabi/13.3.1/../../../../arm-none-eabi/lib/thumb/v7e-m+fp/hard\libc_nano.a(libc_a-findfp.o)
                              C:/ST/STM32CubeIDE_1.19.0/STM32CubeIDE/plugins/com.st.stm32cube.ide.mcu.externaltools.gnu-tools-for-stm32.13.3.rel1.win32_1.0.0.202411081344/tools/bin/../lib/gcc/arm-none-eabi/13.3.1/../../../../arm-none-eabi/lib/thumb/v7e-m+fp/hard\libc_nano.a(libc_a-exit.o) (__stdio_exit_handler)
C:/ST/STM32CubeIDE_1.19.0/STM32CubeIDE/plugins/com.st.stm32cube.ide.mcu.externaltools.gnu-tools-for-stm32.13.3.rel1.win32_1.0.0.202411081344/tools/bin/../lib/gcc/arm-none-eabi/13.3.1/../../../../arm-none-eabi/lib/thumb/v7e-m+fp/hard\libc_nano.a(libc_a-fwalk.o)
                              C:/ST/STM32CubeIDE_1.19.0/STM32CubeIDE/plugins/com.st.stm32cube.ide.mcu.externaltools.gnu-tools-for-stm32.13.3.rel1.win32_1.0.0.202411081344/tools/bin/../lib/gcc/arm-none-eabi/13.3.1/../../../../arm-none-eabi/lib/thumb/v7e-m+fp/hard\libc_nano.a(libc_a-findfp.o) (_fwalk_sglue)
C:/ST/STM32CubeIDE_1.19.0/STM32CubeIDE/plugins/com.st.stm32cube.ide.mcu.externaltools.gnu-tools-for-stm32.13.3.rel1.win32_1.0.0.202411081344/tools/bin/../lib/gcc/arm-none-eabi/13.3.1/../../../../arm-none-eabi/lib/thumb/v7e-m+fp/hard\libc_nano.a(libc_a-stdio.o)
                              C:/ST/STM32CubeIDE_1.19.0/STM32CubeIDE/plugins/com.st.stm32cube.ide.mcu.externaltools.gnu-tools-for-stm32.13.3.rel1.win32_1.0.0.202411081344/tools/bin/../lib/gcc/arm-none-eabi/13.3.1/../../../../arm-none-eabi/lib/thumb/v7e-m+fp/hard\libc_nano.a(libc_a-findfp.o) (__sread)
C:/ST/STM32CubeIDE_1.19.0/STM32CubeIDE/plugins/com.st.stm32cube.ide.mcu.externaltools.gnu-tools-for-stm32.13.3.rel1.win32_1.0.0.202411081344/tools/bin/../lib/gcc/arm-none-eabi/13.3.1/../../../../arm-none-eabi/lib/thumb/v7e-m+fp/hard\libc_nano.a(libc_a-memset.o)
                              C:/ST/STM32CubeIDE_1.19.0/STM32CubeIDE/plugins/com.st.stm32cube.ide.mcu.externaltools.gnu-tools-for-stm32.13.3.rel1.win32_1.0.0.202411081344/tools/bin/../lib/gcc/arm-none-eabi/13.3.1/../../../../arm-none-eabi/lib/thumb/v7e-m+fp/hard/crt0.o (memset)
C:/ST/STM32CubeIDE_1.19.0/STM32CubeIDE/plugins/com.st.stm32cube.ide.mcu.externaltools.gnu-tools-for-stm32.13.3.rel1.win32_1.0.0.202411081344/tools/bin/../lib/gcc/arm-none-eabi/13.3.1/../../../../arm-none-eabi/lib/thumb/v7e-m+fp/hard\libc_nano.a(libc_a-closer.o)
                              C:/ST/STM32CubeIDE_1.19.0/STM32CubeIDE/plugins/com.st.stm32cube.ide.mcu.externaltools.gnu-tools-for-stm32.13.3.rel1.win32_1.0.0.202411081344/tools/bin/../lib/gcc/arm-none-eabi/13.3.1/../../../../arm-none-eabi/lib/thumb/v7e-m+fp/hard\libc_nano.a(libc_a-stdio.o) (_close_r)
C:/ST/STM32CubeIDE_1.19.0/STM32CubeIDE/plugins/com.st.stm32cube.ide.mcu.externaltools.gnu-tools-for-stm32.13.3.rel1.win32_1.0.0.202411081344/tools/bin/../lib/gcc/arm-none-eabi/13.3.1/../../../../arm-none-eabi/lib/thumb/v7e-m+fp/hard\libc_nano.a(libc_a-reent.o)
                              C:/ST/STM32CubeIDE_1.19.0/STM32CubeIDE/plugins/com.st.stm32cube.ide.mcu.externaltools.gnu-tools-for-stm32.13.3.rel1.win32_1.0.0.202411081344/tools/bin/../lib/gcc/arm-none-eabi/13.3.1/../../../../arm-none-eabi/lib/thumb/v7e-m+fp/hard\libc_nano.a(libc_a-closer.o) (errno)
C:/ST/STM32CubeIDE_1.19.0/STM32CubeIDE/plugins/com.st.stm32cube.ide.mcu.externaltools.gnu-tools-for-stm32.13.3.rel1.win32_1.0.0.202411081344/tools/bin/../lib/gcc/arm-none-eabi/13.3.1/../../../../arm-none-eabi/lib/thumb/v7e-m+fp/hard\libc_nano.a(libc_a-impure.o)
                              C:/ST/STM32CubeIDE_1.19.0/STM32CubeIDE/plugins/com.st.stm32cube.ide.mcu.externaltools.gnu-tools-for-stm32.13.3.rel1.win32_1.0.0.202411081344/tools/bin/../lib/gcc/arm-none-eabi/13.3.1/../../../../arm-none-eabi/lib/thumb/v7e-m+fp/hard\libc_nano.a(libc_a-reent.o) (_impure_ptr)
C:/ST/STM32CubeIDE_1.19.0/STM32CubeIDE/plugins/com.st.stm32cube.ide.mcu.externaltools.gnu-tools-for-stm32.13.3.rel1.win32_1.0.0.202411081344/tools/bin/../lib/gcc/arm-none-eabi/13.3.1/../../../../arm-none-eabi/lib/thumb/v7e-m+fp/hard\libc_nano.a(libc_a-lseekr.o)
[...]
Memory Configuration

Name             Origin             Length             Attributes
RAM              0x20000000         0x00004000         xrw
FLASH            0x08000000         0x00008000         xr
*default*        0x00000000         0xffffffff

Linker script and memory map

LOAD C:/ST/STM32CubeIDE_1.19.0/STM32CubeIDE/plugins/com.st.stm32cube.ide.mcu.externaltools.gnu-tools-for-stm32.13.3.rel1.win32_1.0.0.202411081344/tools/bin/../lib/gcc/arm-none-eabi/13.3.1/thumb/v7e-m+fp/hard/crti.o
LOAD C:/ST/STM32CubeIDE_1.19.0/STM32CubeIDE/plugins/com.st.stm32cube.ide.mcu.externaltools.gnu-tools-for-stm32.13.3.rel1.win32_1.0.0.202411081344/tools/bin/../lib/gcc/arm-none-eabi/13.3.1/thumb/v7e-m+fp/hard/crtbegin.o
LOAD C:/ST/STM32CubeIDE_1.19.0/STM32CubeIDE/plugins/com.st.stm32cube.ide.mcu.externaltools.gnu-tools-for-stm32.13.3.rel1.win32_1.0.0.202411081344/tools/bin/../lib/gcc/arm-none-eabi/13.3.1/../../../../arm-none-eabi/lib/thumb/v7e-m+fp/hard/crt0.o
LOAD ./Core/Src/main.o
LOAD ./Core/Src/pid.o
LOAD ./Core/Src/stm32f3xx_hal_msp.o
LOAD ./Core/Src/stm32f3xx_it.o
LOAD ./Core/Src/syscalls.o
LOAD ./Core/Src/sysmem.o
LOAD ./Core/Src/system_stm32f3xx.o
LOAD ./Core/Startup/startup_stm32f301k6tx.o
LOAD ./Drivers/STM32F3xx_HAL_Driver/Src/stm32f3xx_hal.o
LOAD ./Drivers/STM32F3xx_HAL_Driver/Src/stm32f3xx_hal_adc.o
LOAD ./Drivers/STM32F3xx_HAL_Driver/Src/stm32f3xx_hal_adc_ex.o
LOAD ./Drivers/STM32F3xx_HAL_Driver/Src/stm32f3xx_hal_cortex.o
LOAD ./Drivers/STM32F3xx_HAL_Driver/Src/stm32f3xx_hal_dma.o
LOAD ./Drivers/STM32F3xx_HAL_Driver/Src/stm32f3xx_hal_exti.o
LOAD ./Drivers/STM32F3xx_HAL_Driver/Src/stm32f3xx_hal_flash.o
LOAD ./Drivers/STM32F3xx_HAL_Driver/Src/stm32f3xx_hal_flash_ex.o
LOAD ./Drivers/STM32F3xx_HAL_Driver/Src/stm32f3xx_hal_gpio.o
LOAD ./Drivers/STM32F3xx_HAL_Driver/Src/stm32f3xx_hal_i2c.o
LOAD ./Drivers/STM32F3xx_HAL_Driver/Src/stm32f3xx_hal_i2c_ex.o
LOAD ./Drivers/STM32F3xx_HAL_Driver/Src/stm32f3xx_hal_pwr.o
LOAD ./Drivers/STM32F3xx_HAL_Driver/Src/stm32f3xx_hal_pwr_ex.o
LOAD ./Drivers/STM32F3xx_HAL_Driver/Src/stm32f3xx_hal_rcc.o
LOAD ./Drivers/STM32F3xx_HAL_Driver/Src/stm32f3xx_hal_rcc_ex.o
LOAD ./Drivers/STM32F3xx_HAL_Driver/Src/stm32f3xx_hal_spi.o
LOAD ./Drivers/STM32F3xx_HAL_Driver/Src/stm32f3xx_hal_spi_ex.o
LOAD ./Drivers/STM32F3xx_HAL_Driver/Src/stm32f3xx_hal_tim.o
LOAD ./Drivers/STM32F3xx_HAL_Driver/Src/stm32f3xx_hal_tim_ex.o
LOAD ./Drivers/STM32F3xx_HAL_Driver/Src/stm32f3xx_hal_uart.o
LOAD ./Drivers/STM32F3xx_HAL_Driver/Src/stm32f3xx_hal_uart_ex.o
START GROUP
LOAD C:/ST/STM32CubeIDE_1.19.0/STM32CubeIDE/plugins/com.st.stm32cube.ide.mcu.externaltools.gnu-tools-for-stm32.13.3.rel1.win32_1.0.0.202411081344/tools/bin/../lib/gcc/arm-none-eabi/13.3.1/../../../../arm-none-eabi/lib/thumb/v7e-m+fp/hard\libc_nano.a
LOAD C:/ST/STM32CubeIDE_1.19.0/STM32CubeIDE/plugins/com.st.stm32cube.ide.mcu.externaltools.gnu-tools-for-stm32.13.3.rel1.win32_1.0.0.202411081344/tools/bin/../lib/gcc/arm-none-eabi/13.3.1/../../../../arm-none-eabi/lib/thumb/v7e-m+fp/hard\libm.a
END GROUP
START GROUP
LOAD C:/ST/STM32CubeIDE_1.19.0/STM32CubeIDE/plugins/com.st.stm32cube.ide.mcu.externaltools.gnu-tools-for-stm32.13.3.rel1.win32_1.0.0.202411081344/tools/bin/../lib/gcc/arm-none-eabi/13.3.1/thumb/v7e-m+fp/hard\libgcc.a
LOAD C:/ST/STM32CubeIDE_1.19.0/STM32CubeIDE/plugins/com.st.stm32cube.ide.mcu.externaltools.gnu-tools-for-stm32.13.3.rel1.win32_1.0.0.202411081344/tools/bin/../lib/gcc/arm-none-eabi/13.3.1/../../../../arm-none-eabi/lib/thumb/v7e-m+fp/hard\libc_nano.a
END GROUP
START GROUP
LOAD C:/ST/STM32CubeIDE_1.19.0/STM32CubeIDE/plugins/com.st.stm32cube.ide.mcu.externaltools.gnu-tools-for-stm32.13.3.rel1.win32_1.0.0.202411081344/tools/bin/../lib/gcc/arm-none-eabi/13.3.1/thumb/v7e-m+fp/hard\libgcc.a
LOAD C:/ST/STM32CubeIDE_1.19.0/STM32CubeIDE/plugins/com.st.stm32cube.ide.mcu.externaltools.gnu-tools-for-stm32.13.3.rel1.win32_1.0.0.202411081344/tools/bin/../lib/gcc/arm-none-eabi/13.3.1/../../../../arm-none-eabi/lib/thumb/v7e-m+fp/hard\libc_nano.a
LOAD C:/ST/STM32CubeIDE_1.19.0/STM32CubeIDE/plugins/com.st.stm32cube.ide.mcu.externaltools.gnu-tools-for-stm32.13.3.rel1.win32_1.0.0.202411081344/tools/bin/../lib/gcc/arm-none-eabi/13.3.1/../../../../arm-none-eabi/lib/thumb/v7e-m+fp/hard\libnosys.a
END GROUP
START GROUP
LOAD C:/ST/STM32CubeIDE_1.19.0/STM32CubeIDE/plugins/com.st.stm32cube.ide.mcu.externaltools.gnu-tools-for-stm32.13.3.rel1.win32_1.0.0.202411081344/tools/bin/../lib/gcc/arm-none-eabi/13.3.1/thumb/v7e-m+fp/hard\libgcc.a
LOAD C:/ST/STM32CubeIDE_1.19.0/STM32CubeIDE/plugins/com.st.stm32cube.ide.mcu.externaltools.gnu-tools-for-stm32.13.3.rel1.win32_1.0.0.202411081344/tools/bin/../lib/gcc/arm-none-eabi/13.3.1/../../../../arm-none-eabi/lib/thumb/v7e-m+fp/hard\libc_nano.a
LOAD C:/ST/STM32CubeIDE_1.19.0/STM32CubeIDE/plugins/com.st.stm32cube.ide.mcu.externaltools.gnu-tools-for-stm32.13.3.rel1.win32_1.0.0.202411081344/tools/bin/../lib/gcc/arm-none-eabi/13.3.1/../../../../arm-none-eabi/lib/thumb/v7e-m+fp/hard\libnosys.a
END GROUP
LOAD C:/ST/STM32CubeIDE_1.19.0/STM32CubeIDE/plugins/com.st.stm32cube.ide.mcu.externaltools.gnu-tools-for-stm32.13.3.rel1.win32_1.0.0.202411081344/tools/bin/../lib/gcc/arm-none-eabi/13.3.1/thumb/v7e-m+fp/hard/crtend.o
LOAD C:/ST/STM32CubeIDE_1.19.0/STM32CubeIDE/plugins/com.st.stm32cube.ide.mcu.externaltools.gnu-tools-for-stm32.13.3.rel1.win32_1.0.0.202411081344/tools/bin/../lib/gcc/arm-none-eabi/13.3.1/thumb/v7e-m+fp/hard/crtn.o
                0x20004000                        _estack = (ORIGIN (RAM) + LENGTH (RAM))
                0x00000200                        _Min_Heap_Size = 0x200
                0x00000400                        _Min_Stack_Size = 0x400

.isr_vector     0x08000000      0x188
                0x08000000                        . = ALIGN (0x4)
 *(.isr_vector)
 .isr_vector    0x08000000      0x188 ./Core/Startup/startup_stm32f301k6tx.o
                0x08000000                g_pfnVectors
                0x08000188                        . = ALIGN (0x4)

.text           0x08000188     0x5ae4
                0x08000188                        . = ALIGN (0x4)
 *(.text)
 .text          0x08000188       0x40 C:/ST/STM32CubeIDE_1.19.0/STM32CubeIDE/plugins/com.st.stm32cube.ide.mcu.externaltools.gnu-tools-for-stm32.13.3.rel1.win32_1.0.0.202411081344/tools/bin/../lib/gcc/arm-none-eabi/13.3.1/thumb/v7e-m+fp/hard/crtbegin.o
 *(.text*)
 .text.main     0x080001c8      0x150 ./Core/Src/main.o
                0x080001c8                main
 .text.SystemClock_Config
                0x08000318       0xbc ./Core/Src/main.o
                0x08000318                SystemClock_Config
 .text.MX_ADC1_Init
                0x080003d4       0xd8 ./Core/Src/main.o
 .text.MX_I2C2_Init
                0x080004ac       0x80 ./Core/Src/main.o
 .text.MX_SPI3_Init
                0x0800052c       0x7c ./Core/Src/main.o
 .text.MX_TIM1_Init
                0x080005a8       0xa8 ./Core/Src/main.o
 .text.MX_TIM2_Init
                0x08000650       0xec ./Core/Src/main.o
 .text.MX_USART1_UART_Init
                0x0800073c       0x60 ./Core/Src/main.o
 .text.MX_DMA_Init
                0x0800079c       0x5c ./Core/Src/main.o
 .text.MX_GPIO_Init
                0x080007f8       0xdc ./Core/Src/main.o
 .text.Error_Handler
                0x080008d4        0xc ./Core/Src/main.o
                0x080008d4                Error_Handler
 .text.pid_begin
                0x080008e0       0x62 ./Core/Src/pid.o
                0x080008e0                pid_begin
 .text.pid_parallel_t
                0x08000942      0x12c ./Core/Src/pid.o
                0x08000942                pid_parallel_t
 *fill*         0x08000a6e        0x2 
 .text.HAL_MspInit
                0x08000a70       0x48 ./Core/Src/stm32f3xx_hal_msp.o
                0x08000a70                HAL_MspInit
 .text.HAL_ADC_MspInit
                0x08000ab8       0xd0 ./Core/Src/stm32f3xx_hal_msp.o
                0x08000ab8                HAL_ADC_MspInit
 .text.HAL_I2C_MspInit
                0x08000b88       0xc4 ./Core/Src/stm32f3xx_hal_msp.o
                0x08000b88                HAL_I2C_MspInit
 .text.HAL_SPI_MspInit
                0x08000c4c       0x88 ./Core/Src/stm32f3xx_hal_msp.o
                0x08000c4c                HAL_SPI_MspInit
 .text.HAL_TIM_Base_MspInit
                0x08000cd4       0x64 ./Core/Src/stm32f3xx_hal_msp.o
                0x08000cd4                HAL_TIM_Base_MspInit
 .text.HAL_TIM_MspPostInit
                0x08000d38       0x68 ./Core/Src/stm32f3xx_hal_msp.o
                0x08000d38                HAL_TIM_MspPostInit
 .text.HAL_UART_MspInit
                0x08000da0      0x16c ./Core/Src/stm32f3xx_hal_msp.o
                0x08000da0                HAL_UART_MspInit
 .text.NMI_Handler
                0x08000f0c        0x8 ./Core/Src/stm32f3xx_it.o
                0x08000f0c                NMI_Handler
 .text.HardFault_Handler
                0x08000f14        0x8 ./Core/Src/stm32f3xx_it.o
                0x08000f14                HardFault_Handler
 .text.MemManage_Handler
                0x08000f1c        0x8 ./Core/Src/stm32f3xx_it.o
                0x08000f1c                MemManage_Handler
 .text.BusFault_Handler
                0x08000f24        0x8 ./Core/Src/stm32f3xx_it.o
                0x08000f24                BusFault_Handler
 .text.UsageFault_Handler
                0x08000f2c        0x8 ./Core/Src/stm32f3xx_it.o
                0x08000f2c                UsageFault_Handler
 .text.SVC_Handler
                0x08000f34        0xe ./Core/Src/stm32f3xx_it.o
                0x08000f34                SVC_Handler
 .text.DebugMon_Handler
                0x08000f42        0xe ./Core/Src/stm32f3xx_it.o
                0x08000f42                DebugMon_Handler
 .text.PendSV_Handler
                0x08000f50        0xe ./Core/Src/stm32f3xx_it.o
                0x08000f50                PendSV_Handler
 .text.SysTick_Handler
                0x08000f5e        0xc ./Core/Src/stm32f3xx_it.o
                0x08000f5e                SysTick_Handler
 *fill*         0x08000f6a        0x2 
 .text.DMA1_Channel1_IRQHandler
                0x08000f6c       0x14 ./Core/Src/stm32f3xx_it.o
                0x08000f6c                DMA1_Channel1_IRQHandler
 .text.DMA1_Channel4_IRQHandler
                0x08000f80       0x14 ./Core/Src/stm32f3xx_it.o
                0x08000f80                DMA1_Channel4_IRQHandler
 .text.DMA1_Channel5_IRQHandler
                0x08000f94       0x14 ./Core/Src/stm32f3xx_it.o
                0x08000f94                DMA1_Channel5_IRQHandler
 .text.SystemInit
                0x08000fa8       0x24 ./Core/Src/system_stm32f3xx.o
                0x08000fa8                SystemInit
 .text.Reset_Handler
                0x08000fcc       0x50 ./Core/Startup/startup_stm32f301k6tx.o
                0x08000fcc                Reset_Handler
 .text.Default_Handler
                0x0800101c        0x2 ./Core/Startup/startup_stm32f301k6tx.o
                0x0800101c                RTC_Alarm_IRQHandler
                0x0800101c                TIM1_CC_IRQHandler
                0x0800101c                PVD_IRQHandler
                0x0800101c                TAMP_STAMP_IRQHandler
                0x0800101c                EXTI3_IRQHandler
                0x0800101c                I2C3_ER_IRQHandler
                0x0800101c                EXTI0_IRQHandler
                0x0800101c                I2C2_EV_IRQHandler
                0x0800101c                FPU_IRQHandler
                0x0800101c                TIM1_UP_TIM16_IRQHandler
                0x0800101c                TIM6_DAC_IRQHandler
                0x0800101c                ADC1_IRQHandler
                0x0800101c                USART3_IRQHandler
                0x0800101c                DMA1_Channel7_IRQHandler
                0x0800101c                I2C1_EV_IRQHandler
                0x0800101c                DMA1_Channel6_IRQHandler
                0x0800101c                RCC_IRQHandler
                0x0800101c                Default_Handler
                0x0800101c                EXTI15_10_IRQHandler
                0x0800101c                COMP2_IRQHandler
                0x0800101c                I2C3_EV_IRQHandler
                0x0800101c                EXTI9_5_IRQHandler
                0x0800101c                RTC_WKUP_IRQHandler
                0x0800101c                SPI2_IRQHandler
                0x0800101c                EXTI4_IRQHandler
                0x0800101c                TIM1_TRG_COM_TIM17_IRQHandler
                0x0800101c                DMA1_Channel3_IRQHandler
                0x0800101c                WWDG_IRQHandler
                0x0800101c                TIM2_IRQHandler
                0x0800101c                EXTI1_IRQHandler
                0x0800101c                COMP4_6_IRQHandler
                0x0800101c                USART2_IRQHandler
                0x0800101c                I2C2_ER_IRQHandler
                0x0800101c                DMA1_Channel2_IRQHandler
                0x0800101c                FLASH_IRQHandler
                0x0800101c                USART1_IRQHandler
                0x0800101c                SPI3_IRQHandler
                0x0800101c                I2C1_ER_IRQHandler
                0x0800101c                EXTI2_TSC_IRQHandler
                0x0800101c                TIM1_BRK_TIM15_IRQHandler
 *fill*         0x0800101e        0x2 
 .text.HAL_Init
                0x08001020       0x2c ./Drivers/STM32F3xx_HAL_Driver/Src/stm32f3xx_hal.o
                0x08001020                HAL_Init
 .text.HAL_InitTick
                0x0800104c       0x60 ./Drivers/STM32F3xx_HAL_Driver/Src/stm32f3xx_hal.o
                0x0800104c                HAL_InitTick
 .text.HAL_IncTick
                0x080010ac       0x28 ./Drivers/STM32F3xx_HAL_Driver/Src/stm32f3xx_hal.o
                0x080010ac                HAL_IncTick
 .text.HAL_GetTick
                0x080010d4       0x18 ./Drivers/STM32F3xx_HAL_Driver/Src/stm32f3xx_hal.o
                0x080010d4                HAL_GetTick
 .text.HAL_Delay
                0x080010ec       0x48 ./Drivers/STM32F3xx_HAL_Driver/Src/stm32f3xx_hal.o
                0x080010ec                HAL_Delay
 .text.HAL_ADC_ConvCpltCallback
                0x08001134       0x14 ./Drivers/STM32F3xx_HAL_Driver/Src/stm32f3xx_hal_adc.o
                0x08001134                HAL_ADC_ConvCpltCallback
 .text.HAL_ADC_ConvHalfCpltCallback
                0x08001148       0x14 ./Drivers/STM32F3xx_HAL_Driver/Src/stm32f3xx_hal_adc.o
                0x08001148                HAL_ADC_ConvHalfCpltCallback
 .text.HAL_ADC_ErrorCallback
                0x0800115c       0x14 ./Drivers/STM32F3xx_HAL_Driver/Src/stm32f3xx_hal_adc.o
                0x0800115c                HAL_ADC_ErrorCallback
 .text.HAL_ADC_Init
                0x08001170      0x30c ./Drivers/STM32F3xx_HAL_Driver/Src/stm32f3xx_hal_adc_ex.o
                0x08001170                HAL_ADC_Init
 .text.HAL_ADC_Start_DMA
                0x0800147c      0x138 ./Drivers/STM32F3xx_HAL_Driver/Src/stm32f3xx_hal_adc_ex.o
                0x0800147c                HAL_ADC_Start_DMA
 .text.HAL_ADCEx_Calibration_Start
                0x080015b4       0xe4 ./Drivers/STM32F3xx_HAL_Driver/Src/stm32f3xx_hal_adc_ex.o
                0x080015b4                HAL_ADCEx_Calibration_Start
 .text.HAL_ADC_ConfigChannel
                0x08001698      0x564 ./Drivers/STM32F3xx_HAL_Driver/Src/stm32f3xx_hal_adc_ex.o
                0x08001698                HAL_ADC_ConfigChannel
 .text.ADC_DMAConvCplt
                0x08001bfc       0x7a ./Drivers/STM32F3xx_HAL_Driver/Src/stm32f3xx_hal_adc_ex.o
 .text.ADC_DMAHalfConvCplt
                0x08001c76       0x1c ./Drivers/STM32F3xx_HAL_Driver/Src/stm32f3xx_hal_adc_ex.o
 .text.ADC_DMAError
                0x08001c92       0x34 ./Drivers/STM32F3xx_HAL_Driver/Src/stm32f3xx_hal_adc_ex.o
 *fill*         0x08001cc6        0x2 
 .text.ADC_Enable
                0x08001cc8       0xc8 ./Drivers/STM32F3xx_HAL_Driver/Src/stm32f3xx_hal_adc_ex.o
 .text.ADC_Disable
                0x08001d90       0xcc ./Drivers/STM32F3xx_HAL_Driver/Src/stm32f3xx_hal_adc_ex.o
 .text.__NVIC_SetPriorityGrouping
                0x08001e5c       0x48 ./Drivers/STM32F3xx_HAL_Driver/Src/stm32f3xx_hal_cortex.o
 .text.__NVIC_GetPriorityGrouping
                0x08001ea4       0x1c ./Drivers/STM32F3xx_HAL_Driver/Src/stm32f3xx_hal_cortex.o
 .text.__NVIC_EnableIRQ
                0x08001ec0       0x3c ./Drivers/STM32F3xx_HAL_Driver/Src/stm32f3xx_hal_cortex.o
 .text.__NVIC_SetPriority
                0x08001efc       0x54 ./Drivers/STM32F3xx_HAL_Driver/Src/stm32f3xx_hal_cortex.o
 .text.NVIC_EncodePriority
                0x08001f50       0x66 ./Drivers/STM32F3xx_HAL_Driver/Src/stm32f3xx_hal_cortex.o
 *fill*         0x08001fb6        0x2 
 .text.SysTick_Config
                0x08001fb8       0x44 ./Drivers/STM32F3xx_HAL_Driver/Src/stm32f3xx_hal_cortex.o
 .text.HAL_NVIC_SetPriorityGrouping
                0x08001ffc       0x16 ./Drivers/STM32F3xx_HAL_Driver/Src/stm32f3xx_hal_cortex.o
                0x08001ffc                HAL_NVIC_SetPriorityGrouping
 .text.HAL_NVIC_SetPriority
                0x08002012       0x38 ./Drivers/STM32F3xx_HAL_Driver/Src/stm32f3xx_hal_cortex.o
                0x08002012                HAL_NVIC_SetPriority
 .text.HAL_NVIC_EnableIRQ
                0x0800204a       0x1c ./Drivers/STM32F3xx_HAL_Driver/Src/stm32f3xx_hal_cortex.o
                0x0800204a                HAL_NVIC_EnableIRQ
 .text.HAL_SYSTICK_Config
                0x08002066       0x18 ./Drivers/STM32F3xx_HAL_Driver/Src/stm32f3xx_hal_cortex.o
                0x08002066                HAL_SYSTICK_Config
 .text.HAL_DMA_Init
                0x0800207e       0x8e ./Drivers/STM32F3xx_HAL_Driver/Src/stm32f3xx_hal_dma.o
                0x0800207e                HAL_DMA_Init
 .text.HAL_DMA_Start_IT
                0x0800210c       0xbe ./Drivers/STM32F3xx_HAL_Driver/Src/stm32f3xx_hal_dma.o
                0x0800210c                HAL_DMA_Start_IT
 .text.HAL_DMA_IRQHandler
                0x080021ca      0x146 ./Drivers/STM32F3xx_HAL_Driver/Src/stm32f3xx_hal_dma.o
                0x080021ca                HAL_DMA_IRQHandler
 .text.DMA_SetConfig
                0x08002310       0x5c ./Drivers/STM32F3xx_HAL_Driver/Src/stm32f3xx_hal_dma.o
 .text.DMA_CalcBaseAndBitshift
                0x0800236c       0x40 ./Drivers/STM32F3xx_HAL_Driver/Src/stm32f3xx_hal_dma.o
 .text.HAL_GPIO_Init
                0x080023ac      0x2e4 ./Drivers/STM32F3xx_HAL_Driver/Src/stm32f3xx_hal_gpio.o
                0x080023ac                HAL_GPIO_Init
 .text.HAL_GPIO_WritePin
                0x08002690       0x30 ./Drivers/STM32F3xx_HAL_Driver/Src/stm32f3xx_hal_gpio.o
                0x08002690                HAL_GPIO_WritePin
 .text.HAL_GPIO_TogglePin
                0x080026c0       0x34 ./Drivers/STM32F3xx_HAL_Driver/Src/stm32f3xx_hal_gpio.o
                0x080026c0                HAL_GPIO_TogglePin
 .text.HAL_I2C_Init
                0x080026f4      0x136 ./Drivers/STM32F3xx_HAL_Driver/Src/stm32f3xx_hal_i2c.o
                0x080026f4                HAL_I2C_Init
 .text.HAL_I2CEx_ConfigAnalogFilter
                0x0800282a       0x96 ./Drivers/STM32F3xx_HAL_Driver/Src/stm32f3xx_hal_i2c_ex.o
                0x0800282a                HAL_I2CEx_ConfigAnalogFilter
 .text.HAL_I2CEx_ConfigDigitalFilter
                0x080028c0       0x98 ./Drivers/STM32F3xx_HAL_Driver/Src/stm32f3xx_hal_i2c_ex.o
                0x080028c0                HAL_I2CEx_ConfigDigitalFilter
 .text.HAL_RCC_OscConfig
                0x08002958     0x101c ./Drivers/STM32F3xx_HAL_Driver/Src/stm32f3xx_hal_rcc.o
                0x08002958                HAL_RCC_OscConfig
 .text.HAL_RCC_ClockConfig
                0x08003974      0x2dc ./Drivers/STM32F3xx_HAL_Driver/Src/stm32f3xx_hal_rcc.o
                0x08003974                HAL_RCC_ClockConfig
 .text.HAL_RCC_GetSysClockFreq
                0x08003c50       0xa8 ./Drivers/STM32F3xx_HAL_Driver/Src/stm32f3xx_hal_rcc.o
                0x08003c50                HAL_RCC_GetSysClockFreq
 .text.HAL_RCC_GetHCLKFreq
                0x08003cf8       0x18 ./Drivers/STM32F3xx_HAL_Driver/Src/stm32f3xx_hal_rcc.o
                0x08003cf8                HAL_RCC_GetHCLKFreq
 .text.HAL_RCC_GetPCLK1Freq
                0x08003d10       0x44 ./Drivers/STM32F3xx_HAL_Driver/Src/stm32f3xx_hal_rcc.o
                0x08003d10                HAL_RCC_GetPCLK1Freq
 .text.HAL_RCC_GetPCLK2Freq
                0x08003d54       0x44 ./Drivers/STM32F3xx_HAL_Driver/Src/stm32f3xx_hal_rcc.o
                0x08003d54                HAL_RCC_GetPCLK2Freq
 .text.HAL_RCCEx_PeriphCLKConfig
                0x08003d98      0x304 ./Drivers/STM32F3xx_HAL_Driver/Src/stm32f3xx_hal_rcc_ex.o
                0x08003d98                HAL_RCCEx_PeriphCLKConfig
 .text.HAL_SPI_Init
                0x0800409c      0x156 ./Drivers/STM32F3xx_HAL_Driver/Src/stm32f3xx_hal_spi.o
                0x0800409c                HAL_SPI_Init
 .text.HAL_TIM_Base_Init
                0x080041f2       0xae ./Drivers/STM32F3xx_HAL_Driver/Src/stm32f3xx_hal_tim.o
                0x080041f2                HAL_TIM_Base_Init
 .text.HAL_TIM_Base_Start
                0x080042a0       0x98 ./Drivers/STM32F3xx_HAL_Driver/Src/stm32f3xx_hal_tim.o
                0x080042a0                HAL_TIM_Base_Start
 .text.HAL_TIM_PWM_Init
                0x08004338       0xae ./Drivers/STM32F3xx_HAL_Driver/Src/stm32f3xx_hal_tim.o
                0x08004338                HAL_TIM_PWM_Init
 .text.HAL_TIM_PWM_MspInit
                0x080043e6       0x14 ./Drivers/STM32F3xx_HAL_Driver/Src/stm32f3xx_hal_tim.o
                0x080043e6                HAL_TIM_PWM_MspInit
 *fill*         0x080043fa        0x2 
 .text.HAL_TIM_PWM_Start
                0x080043fc      0x1cc ./Drivers/STM32F3xx_HAL_Driver/Src/stm32f3xx_hal_tim.o
                0x080043fc                HAL_TIM_PWM_Start
 .text.HAL_TIM_PWM_ConfigChannel
                0x080045c8      0x228 ./Drivers/STM32F3xx_HAL_Driver/Src/stm32f3xx_hal_tim.o
                0x080045c8                HAL_TIM_PWM_ConfigChannel
 .text.HAL_TIM_ConfigClockSource
                0x080047f0      0x192 ./Drivers/STM32F3xx_HAL_Driver/Src/stm32f3xx_hal_tim.o
                0x080047f0                HAL_TIM_ConfigClockSource
 *fill*         0x08004982        0x2 
 .text.TIM_Base_SetConfig
                0x08004984       0xf4 ./Drivers/STM32F3xx_HAL_Driver/Src/stm32f3xx_hal_tim.o
                0x08004984                TIM_Base_SetConfig
 .text.TIM_OC1_SetConfig
                0x08004a78      0x10c ./Drivers/STM32F3xx_HAL_Driver/Src/stm32f3xx_hal_tim.o
 .text.TIM_OC2_SetConfig
                0x08004b84      0x100 ./Drivers/STM32F3xx_HAL_Driver/Src/stm32f3xx_hal_tim.o
                0x08004b84                TIM_OC2_SetConfig
 .text.TIM_OC3_SetConfig
                0x08004c84       0xfc ./Drivers/STM32F3xx_HAL_Driver/Src/stm32f3xx_hal_tim.o
 .text.TIM_OC4_SetConfig
                0x08004d80       0xc8 ./Drivers/STM32F3xx_HAL_Driver/Src/stm32f3xx_hal_tim.o
 .text.TIM_OC5_SetConfig
                0x08004e48       0xbc ./Drivers/STM32F3xx_HAL_Driver/Src/stm32f3xx_hal_tim.o
 .text.TIM_OC6_SetConfig
                0x08004f04       0xc0 ./Drivers/STM32F3xx_HAL_Driver/Src/stm32f3xx_hal_tim.o
 .text.TIM_TI1_ConfigInputStage
                0x08004fc4       0x5e ./Drivers/STM32F3xx_HAL_Driver/Src/stm32f3xx_hal_tim.o
 .text.TIM_TI2_ConfigInputStage
                0x08005022       0x60 ./Drivers/STM32F3xx_HAL_Driver/Src/stm32f3xx_hal_tim.o
 .text.TIM_ITRx_SetConfig
                0x08005082       0x36 ./Drivers/STM32F3xx_HAL_Driver/Src/stm32f3xx_hal_tim.o
 .text.TIM_ETR_SetConfig
                0x080050b8       0x40 ./Drivers/STM32F3xx_HAL_Driver/Src/stm32f3xx_hal_tim.o
                0x080050b8                TIM_ETR_SetConfig
 .text.TIM_CCxChannelCmd
                0x080050f8       0x4a ./Drivers/STM32F3xx_HAL_Driver/Src/stm32f3xx_hal_tim.o
                0x080050f8                TIM_CCxChannelCmd
 *fill*         0x08005142        0x2 
 .text.HAL_TIMEx_MasterConfigSynchronization
                0x08005144       0xcc ./Drivers/STM32F3xx_HAL_Driver/Src/stm32f3xx_hal_tim_ex.o
                0x08005144                HAL_TIMEx_MasterConfigSynchronization
 .text.HAL_UART_Init
                0x08005210       0x9c ./Drivers/STM32F3xx_HAL_Driver/Src/stm32f3xx_hal_uart.o
                0x08005210                HAL_UART_Init
 .text.HAL_UART_Transmit_DMA
                0x080052ac       0xf8 ./Drivers/STM32F3xx_HAL_Driver/Src/stm32f3xx_hal_uart.o
                0x080052ac                HAL_UART_Transmit_DMA
 .text.HAL_UART_TxCpltCallback
                0x080053a4       0x14 ./Drivers/STM32F3xx_HAL_Driver/Src/stm32f3xx_hal_uart.o
                0x080053a4                HAL_UART_TxCpltCallback
 .text.HAL_UART_TxHalfCpltCallback
                0x080053b8       0x14 ./Drivers/STM32F3xx_HAL_Driver/Src/stm32f3xx_hal_uart.o
                0x080053b8                HAL_UART_TxHalfCpltCallback
 .text.HAL_UART_ErrorCallback
                0x080053cc       0x14 ./Drivers/STM32F3xx_HAL_Driver/Src/stm32f3xx_hal_uart.o
                0x080053cc                HAL_UART_ErrorCallback
 .text.UART_SetConfig
                0x080053e0      0x26c ./Drivers/STM32F3xx_HAL_Driver/Src/stm32f3xx_hal_uart.o
                0x080053e0                UART_SetConfig
 .text.UART_AdvFeatureConfig
                0x0800564c      0x144 ./Drivers/STM32F3xx_HAL_Driver/Src/stm32f3xx_hal_uart.o
                0x0800564c                UART_AdvFeatureConfig
 .text.UART_CheckIdleState
                0x08005790      0x150 ./Drivers/STM32F3xx_HAL_Driver/Src/stm32f3xx_hal_uart.o
                0x08005790                UART_CheckIdleState
 .text.UART_WaitOnFlagUntilTimeout
                0x080058e0       0xda ./Drivers/STM32F3xx_HAL_Driver/Src/stm32f3xx_hal_uart.o
                0x080058e0                UART_WaitOnFlagUntilTimeout
 .text.UART_EndTxTransfer
                0x080059ba       0x4c ./Drivers/STM32F3xx_HAL_Driver/Src/stm32f3xx_hal_uart.o
 .text.UART_EndRxTransfer
                0x08005a06       0xc8 ./Drivers/STM32F3xx_HAL_Driver/Src/stm32f3xx_hal_uart.o
 .text.UART_DMATransmitCplt
                0x08005ace       0x94 ./Drivers/STM32F3xx_HAL_Driver/Src/stm32f3xx_hal_uart.o
 .text.UART_DMATxHalfCplt
                0x08005b62       0x1c ./Drivers/STM32F3xx_HAL_Driver/Src/stm32f3xx_hal_uart.o
 .text.UART_DMAError
                0x08005b7e       0x7e ./Drivers/STM32F3xx_HAL_Driver/Src/stm32f3xx_hal_uart.o
 .text.memset   0x08005bfc       0x10 C:/ST/STM32CubeIDE_1.19.0/STM32CubeIDE/plugins/com.st.stm32cube.ide.mcu.externaltools.gnu-tools-for-stm32.13.3.rel1.win32_1.0.0.202411081344/tools/bin/../lib/gcc/arm-none-eabi/13.3.1/../../../../arm-none-eabi/lib/thumb/v7e-m+fp/hard\libc_nano.a(libc_a-memset.o)
                0x08005bfc                memset
 .text.__libc_init_array
                0x08005c0c       0x48 C:/ST/STM32CubeIDE_1.19.0/STM32CubeIDE/plugins/com.st.stm32cube.ide.mcu.externaltools.gnu-tools-for-stm32.13.3.rel1.win32_1.0.0.202411081344/tools/bin/../lib/gcc/arm-none-eabi/13.3.1/../../../../arm-none-eabi/lib/thumb/v7e-m+fp/hard\libc_nano.a(libc_a-init.o)
                0x08005c0c                __libc_init_array
 *(.glue_7)
 .glue_7        0x08005c54        0x0 linker stubs
 *(.glue_7t)
 .glue_7t       0x08005c54        0x0 linker stubs
 *(.eh_frame)
 .eh_frame      0x08005c54        0x0 C:/ST/STM32CubeIDE_1.19.0/STM32CubeIDE/plugins/com.st.stm32cube.ide.mcu.externaltools.gnu-tools-for-stm32.13.3.rel1.win32_1.0.0.202411081344/tools/bin/../lib/gcc/arm-none-eabi/13.3.1/thumb/v7e-m+fp/hard/crtbegin.o
 *(.init)
 .init          0x08005c54        0x4 C:/ST/STM32CubeIDE_1.19.0/STM32CubeIDE/plugins/com.st.stm32cube.ide.mcu.externaltools.gnu-tools-for-stm32.13.3.rel1.win32_1.0.0.202411081344/tools/bin/../lib/gcc/arm-none-eabi/13.3.1/thumb/v7e-m+fp/hard/crti.o
                0x08005c54                _init
 .init          0x08005c58        0x8 C:/ST/STM32CubeIDE_1.19.0/STM32CubeIDE/plugins/com.st.stm32cube.ide.mcu.externaltools.gnu-tools-for-stm32.13.3.rel1.win32_1.0.0.202411081344/tools/bin/../lib/gcc/arm-none-eabi/13.3.1/thumb/v7e-m+fp/hard/crtn.o
 *(.fini)
 .fini          0x08005c60        0x4 C:/ST/STM32CubeIDE_1.19.0/STM32CubeIDE/plugins/com.st.stm32cube.ide.mcu.externaltools.gnu-tools-for-stm32.13.3.rel1.win32_1.0.0.202411081344/tools/bin/../lib/gcc/arm-none-eabi/13.3.1/thumb/v7e-m+fp/hard/crti.o
                0x08005c60                _fini
 .fini          0x08005c64        0x8 C:/ST/STM32CubeIDE_1.19.0/STM32CubeIDE/plugins/com.st.stm32cube.ide.mcu.externaltools.gnu-tools-for-stm32.13.3.rel1.win32_1.0.0.202411081344/tools/bin/../lib/gcc/arm-none-eabi/13.3.1/thumb/v7e-m+fp/hard/crtn.o
                0x08005c6c                        . = ALIGN (0x4)
                0x08005c6c                        _etext = .

.vfp11_veneer   0x08005c6c        0x0
 .vfp11_veneer  0x08005c6c        0x0 linker stubs

.v4_bx          0x08005c6c        0x0
 .v4_bx         0x08005c6c        0x0 linker stubs

.iplt           0x08005c6c        0x0
 .iplt          0x08005c6c        0x0 C:/ST/STM32CubeIDE_1.19.0/STM32CubeIDE/plugins/com.st.stm32cube.ide.mcu.externaltools.gnu-tools-for-stm32.13.3.rel1.win32_1.0.0.202411081344/tools/bin/../lib/gcc/arm-none-eabi/13.3.1/thumb/v7e-m+fp/hard/crtbegin.o

.rodata         0x08005c6c       0x38
                0x08005c6c                        . = ALIGN (0x4)
 *(.rodata)
 *(.rodata*)
 .rodata.AHBPrescTable
                0x08005c6c       0x10 ./Core/Src/system_stm32f3xx.o
                0x08005c6c                AHBPrescTable
 .rodata.APBPrescTable
                0x08005c7c        0x8 ./Core/Src/system_stm32f3xx.o
                0x08005c7c                APBPrescTable
 .rodata.aPLLMULFactorTable
                0x08005c84       0x10 ./Drivers/STM32F3xx_HAL_Driver/Src/stm32f3xx_hal_rcc.o
 .rodata.aPredivFactorTable
                0x08005c94       0x10 ./Drivers/STM32F3xx_HAL_Driver/Src/stm32f3xx_hal_rcc.o
                0x08005ca4                        . = ALIGN (0x4)

.ARM.extab      0x08005ca4        0x0
                0x08005ca4                        . = ALIGN (0x4)
 *(.ARM.extab* .gnu.linkonce.armextab.*)
                0x08005ca4                        . = ALIGN (0x4)

.ARM            0x08005ca4        0x0
                0x08005ca4                        . = ALIGN (0x4)
                0x08005ca4                        __exidx_start = .
 *(.ARM.exidx*)
                0x08005ca4                        __exidx_end = .
                0x08005ca4                        . = ALIGN (0x4)

.preinit_array  0x08005ca4        0x0
                0x08005ca4                        . = ALIGN (0x4)
                0x08005ca4                        PROVIDE (__preinit_array_start = .)
 *(.preinit_array*)
                0x08005ca4                        PROVIDE (__preinit_array_end = .)
                0x08005ca4                        . = ALIGN (0x4)

.init_array     0x08005ca4        0x4
                0x08005ca4                        . = ALIGN (0x4)
                0x08005ca4                        PROVIDE (__init_array_start = .)
 *(SORT_BY_NAME(.init_array.*))
 *(.init_array*)
 .init_array    0x08005ca4        0x4 C:/ST/STM32CubeIDE_1.19.0/STM32CubeIDE/plugins/com.st.stm32cube.ide.mcu.externaltools.gnu-tools-for-stm32.13.3.rel1.win32_1.0.0.202411081344/tools/bin/../lib/gcc/arm-none-eabi/13.3.1/thumb/v7e-m+fp/hard/crtbegin.o
                0x08005ca8                        PROVIDE (__init_array_end = .)
                0x08005ca8                        . = ALIGN (0x4)

.fini_array     0x08005ca8        0x4
                0x08005ca8                        . = ALIGN (0x4)
                [!provide]                        PROVIDE (__fini_array_start = .)
 *(SORT_BY_NAME(.fini_array.*))
 *(.fini_array*)
 .fini_array    0x08005ca8        0x4 C:/ST/STM32CubeIDE_1.19.0/STM32CubeIDE/plugins/com.st.stm32cube.ide.mcu.externaltools.gnu-tools-for-stm32.13.3.rel1.win32_1.0.0.202411081344/tools/bin/../lib/gcc/arm-none-eabi/13.3.1/thumb/v7e-m+fp/hard/crtbegin.o
                [!provide]                        PROVIDE (__fini_array_end = .)
                0x08005cac                        . = ALIGN (0x4)
                0x08005cac                        _sidata = LOADADDR (.data)

.rel.dyn        0x08005cac        0x0
 .rel.iplt      0x08005cac        0x0 C:/ST/STM32CubeIDE_1.19.0/STM32CubeIDE/plugins/com.st.stm32cube.ide.mcu.externaltools.gnu-tools-for-stm32.13.3.rel1.win32_1.0.0.202411081344/tools/bin/../lib/gcc/arm-none-eabi/13.3.1/thumb/v7e-m+fp/hard/crtbegin.o

.data           0x20000000       0x20 load address 0x08005cac
                0x20000000                        . = ALIGN (0x4)
                0x20000000                        _sdata = .
 *(.data)
 *(.data*)
 .data.pispeed  0x20000000       0x14 ./Core/Src/main.o
                0x20000000                pispeed
 .data.SystemCoreClock
                0x20000014        0x4 ./Core/Src/system_stm32f3xx.o
                0x20000014                SystemCoreClock
 .data.uwTickPrio
                0x20000018        0x4 ./Drivers/STM32F3xx_HAL_Driver/Src/stm32f3xx_hal.o
                0x20000018                uwTickPrio
 .data.uwTickFreq
                0x2000001c        0x1 ./Drivers/STM32F3xx_HAL_Driver/Src/stm32f3xx_hal.o
                0x2000001c                uwTickFreq
 *(.RamFunc)
 *(.RamFunc*)
                0x20000020                        . = ALIGN (0x4)
 *fill*         0x2000001d        0x3 
                0x20000020                        _edata = .

.igot.plt       0x20000020        0x0 load address 0x08005ccc
 .igot.plt      0x20000020        0x0 C:/ST/STM32CubeIDE_1.19.0/STM32CubeIDE/plugins/com.st.stm32cube.ide.mcu.externaltools.gnu-tools-for-stm32.13.3.rel1.win32_1.0.0.202411081344/tools/bin/../lib/gcc/arm-none-eabi/13.3.1/thumb/v7e-m+fp/hard/crtbegin.o
                0x20000020                        . = ALIGN (0x4)

.bss            0x20000020      0x36c load address 0x08005ccc
                0x20000020                        _sbss = .
                0x20000020                        __bss_start__ = _sbss
 *(.bss)
 .bss           0x20000020       0x1c C:/ST/STM32CubeIDE_1.19.0/STM32CubeIDE/plugins/com.st.stm32cube.ide.mcu.externaltools.gnu-tools-for-stm32.13.3.rel1.win32_1.0.0.202411081344/tools/bin/../lib/gcc/arm-none-eabi/13.3.1/thumb/v7e-m+fp/hard/crtbegin.o
 *(.bss*)
 .bss.hadc1     0x2000003c       0x50 ./Core/Src/main.o
                0x2000003c                hadc1
 .bss.hdma_adc1
                0x2000008c       0x44 ./Core/Src/main.o
                0x2000008c                hdma_adc1
 .bss.hi2c2     0x200000d0       0x54 ./Core/Src/main.o
                0x200000d0                hi2c2
 .bss.hspi3     0x20000124       0x64 ./Core/Src/main.o
                0x20000124                hspi3
 .bss.htim1     0x20000188       0x4c ./Core/Src/main.o
                0x20000188                htim1
 .bss.htim2     0x200001d4       0x4c ./Core/Src/main.o
                0x200001d4                htim2
 .bss.huart1    0x20000220       0x88 ./Core/Src/main.o
                0x20000220                huart1
 .bss.hdma_usart1_rx
                0x200002a8       0x44 ./Core/Src/main.o
                0x200002a8                hdma_usart1_rx
 .bss.hdma_usart1_tx
                0x200002ec       0x44 ./Core/Src/main.o
                0x200002ec                hdma_usart1_tx
 .bss.ADC1_Reading
                0x20000330        0x8 ./Core/Src/main.o
                0x20000330                ADC1_Reading
 .bss.m_tim1_set_value
                0x20000338        0x4 ./Core/Src/main.o
                0x20000338                m_tim1_set_value
 .bss.t_imem    0x2000033c        0x4 ./Core/Src/main.o
                0x2000033c                t_imem
 .bss.t_previous_measurement
                0x20000340        0x4 ./Core/Src/main.o
                0x20000340                t_previous_measurement
 .bss.t_value   0x20000344        0x1 ./Core/Src/main.o
                0x20000344                t_value
 *fill*         0x20000345        0x3 
 .bss.DMA_BUFFER
                0x20000348       0x40 ./Core/Src/main.o
                0x20000348                DMA_BUFFER
 .bss.uwTick    0x20000388        0x4 ./Drivers/STM32F3xx_HAL_Driver/Src/stm32f3xx_hal.o
                0x20000388                uwTick
 *(COMMON)
                0x2000038c                        . = ALIGN (0x4)
                0x2000038c                        _ebss = .
                0x2000038c                        __bss_end__ = _ebss

._user_heap_stack
                0x2000038c      0x604 load address 0x08005ccc
                0x20000390                        . = ALIGN (0x8)
 *fill*         0x2000038c        0x4 
                [!provide]                        PROVIDE (end = .)
                0x20000390                        PROVIDE (_end = .)
                0x20000590                        . = (. + _Min_Heap_Size)
 *fill*         0x20000390      0x200 
                0x20000990                        . = (. + _Min_Stack_Size)
 *fill*         0x20000590      0x400 
                0x20000990                        . = ALIGN (0x8)

/DISCARD/
 libc.a(*)
 libm.a(*)
 libgcc.a(*)

.ARM.attributes
                0x00000000       0x30
 *(.ARM.attributes)
 .ARM.attributes
                0x00000000       0x22 C:/ST/STM32CubeIDE_1.19.0/STM32CubeIDE/plugins/com.st.stm32cube.ide.mcu.externaltools.gnu-tools-for-stm32.13.3.rel1.win32_1.0.0.202411081344/tools/bin/../lib/gcc/arm-none-eabi/13.3.1/thumb/v7e-m+fp/hard/crti.o
 .ARM.attributes
                0x00000022       0x34 C:/ST/STM32CubeIDE_1.19.0/STM32CubeIDE/plugins/com.st.stm32cube.ide.mcu.externaltools.gnu-tools-for-stm32.13.3.rel1.win32_1.0.0.202411081344/tools/bin/../lib/gcc/arm-none-eabi/13.3.1/thumb/v7e-m+fp/hard/crtbegin.o
 .ARM.attributes
                0x00000056       0x34 ./Core/Src/main.o
 .ARM.attributes
                0x0000008a       0x34 ./Core/Src/pid.o
 .ARM.attributes
                0x000000be       0x34 ./Core/Src/stm32f3xx_hal_msp.o
 .ARM.attributes
                0x000000f2       0x34 ./Core/Src/stm32f3xx_it.o
 .ARM.attributes
                0x00000126       0x34 ./Core/Src/system_stm32f3xx.o
 .ARM.attributes
                0x0000015a       0x21 ./Core/Startup/startup_stm32f301k6tx.o
 .ARM.attributes
                0x0000017b       0x34 ./Drivers/STM32F3xx_HAL_Driver/Src/stm32f3xx_hal.o
 .ARM.attributes
                0x000001af       0x34 ./Drivers/STM32F3xx_HAL_Driver/Src/stm32f3xx_hal_adc.o
 .ARM.attributes
                0x000001e3       0x34 ./Drivers/STM32F3xx_HAL_Driver/Src/stm32f3xx_hal_adc_ex.o
 .ARM.attributes
                0x00000217       0x34 ./Drivers/STM32F3xx_HAL_Driver/Src/stm32f3xx_hal_cortex.o
 .ARM.attributes
                0x0000024b       0x34 ./Drivers/STM32F3xx_HAL_Driver/Src/stm32f3xx_hal_dma.o
 .ARM.attributes
                0x0000027f       0x34 ./Drivers/STM32F3xx_HAL_Driver/Src/stm32f3xx_hal_gpio.o
 .ARM.attributes
                0x000002b3       0x34 ./Drivers/STM32F3xx_HAL_Driver/Src/stm32f3xx_hal_i2c.o
 .ARM.attributes
                0x000002e7       0x34 ./Drivers/STM32F3xx_HAL_Driver/Src/stm32f3xx_hal_i2c_ex.o
 .ARM.attributes
                0x0000031b       0x34 ./Drivers/STM32F3xx_HAL_Driver/Src/stm32f3xx_hal_rcc.o
 .ARM.attributes
                0x0000034f       0x34 ./Drivers/STM32F3xx_HAL_Driver/Src/stm32f3xx_hal_rcc_ex.o
 .ARM.attributes
                0x00000383       0x34 ./Drivers/STM32F3xx_HAL_Driver/Src/stm32f3xx_hal_spi.o
 .ARM.attributes
                0x000003b7       0x34 ./Drivers/STM32F3xx_HAL_Driver/Src/stm32f3xx_hal_tim.o
 .ARM.attributes
                0x000003eb       0x34 ./Drivers/STM32F3xx_HAL_Driver/Src/stm32f3xx_hal_tim_ex.o
 .ARM.attributes
                0x0000041f       0x34 ./Drivers/STM32F3xx_HAL_Driver/Src/stm32f3xx_hal_uart.o
 .ARM.attributes
                0x00000453       0x34 C:/ST/STM32CubeIDE_1.19.0/STM32CubeIDE/plugins/com.st.stm32cube.ide.mcu.externaltools.gnu-tools-for-stm32.13.3.rel1.win32_1.0.0.202411081344/tools/bin/../lib/gcc/arm-none-eabi/13.3.1/../../../../arm-none-eabi/lib/thumb/v7e-m+fp/hard\libc_nano.a(libc_a-memset.o)
 .ARM.attributes
                0x00000487       0x34 C:/ST/STM32CubeIDE_1.19.0/STM32CubeIDE/plugins/com.st.stm32cube.ide.mcu.externaltools.gnu-tools-for-stm32.13.3.rel1.win32_1.0.0.202411081344/tools/bin/../lib/gcc/arm-none-eabi/13.3.1/../../../../arm-none-eabi/lib/thumb/v7e-m+fp/hard\libc_nano.a(libc_a-init.o)
 .ARM.attributes
                0x000004bb       0x22 C:/ST/STM32CubeIDE_1.19.0/STM32CubeIDE/plugins/com.st.stm32cube.ide.mcu.externaltools.gnu-tools-for-stm32.13.3.rel1.win32_1.0.0.202411081344/tools/bin/../lib/gcc/arm-none-eabi/13.3.1/thumb/v7e-m+fp/hard/crtn.o
OUTPUT(STM32F301_HotPlate.elf elf32-littlearm)
LOAD linker stubs
LOAD C:/ST/STM32CubeIDE_1.19.0/STM32CubeIDE/plugins/com.st.stm32cube.ide.mcu.externaltools.gnu-tools-for-stm32.13.3.rel1.win32_1.0.0.202411081344/tools/bin/../lib/gcc/arm-none-eabi/13.3.1/../../../../arm-none-eabi/lib/thumb/v7e-m+fp/hard\libc.a
LOAD C:/ST/STM32CubeIDE_1.19.0/STM32CubeIDE/plugins/com.st.stm32cube.ide.mcu.externaltools.gnu-tools-for-stm32.13.3.rel1.win32_1.0.0.202411081344/tools/bin/../lib/gcc/arm-none-eabi/13.3.1/../../../../arm-none-eabi/lib/thumb/v7e-m+fp/hard\libm.a
LOAD C:/ST/STM32CubeIDE_1.19.0/STM32CubeIDE/plugins/com.st.stm32cube.ide.mcu.externaltools.gnu-tools-for-stm32.13.3.rel1.win32_1.0.0.202411081344/tools/bin/../lib/gcc/arm-none-eabi/13.3.1/thumb/v7e-m+fp/hard\libgcc.a

.debug_info     0x00000000    0x156e5
 .debug_info    0x00000000     0x2195 ./Core/Src/main.o
 .debug_info    0x00002195      0x4e8 ./Core/Src/pid.o
 .debug_info    0x0000267d     0x18ae ./Core/Src/stm32f3xx_hal_msp.o
 .debug_info    0x00003f2b      0x38b ./Core/Src/stm32f3xx_it.o
 .debug_info    0x000042b6      0x407 ./Core/Src/system_stm32f3xx.o
 .debug_info    0x000046bd       0x30 ./Core/Startup/startup_stm32f301k6tx.o
 .debug_info    0x000046ed      0x736 ./Drivers/STM32F3xx_HAL_Driver/Src/stm32f3xx_hal.o
 .debug_info    0x00004e23      0xb32 ./Drivers/STM32F3xx_HAL_Driver/Src/stm32f3xx_hal_adc.o
 .debug_info    0x00005955     0x13a2 ./Drivers/STM32F3xx_HAL_Driver/Src/stm32f3xx_hal_adc_ex.o
 .debug_info    0x00006cf7      0xa81 ./Drivers/STM32F3xx_HAL_Driver/Src/stm32f3xx_hal_cortex.o
 .debug_info    0x00007778      0x6e1 ./Drivers/STM32F3xx_HAL_Driver/Src/stm32f3xx_hal_dma.o
 .debug_info    0x00007e59      0x5fe ./Drivers/STM32F3xx_HAL_Driver/Src/stm32f3xx_hal_gpio.o
 .debug_info    0x00008457     0x20c3 ./Drivers/STM32F3xx_HAL_Driver/Src/stm32f3xx_hal_i2c.o
 .debug_info    0x0000a51a      0x818 ./Drivers/STM32F3xx_HAL_Driver/Src/stm32f3xx_hal_i2c_ex.o
 .debug_info    0x0000ad32     0x148a ./Drivers/STM32F3xx_HAL_Driver/Src/stm32f3xx_hal_rcc.o
 .debug_info    0x0000c1bc      0x582 ./Drivers/STM32F3xx_HAL_Driver/Src/stm32f3xx_hal_rcc_ex.o
 .debug_info    0x0000c73e     0x1622 ./Drivers/STM32F3xx_HAL_Driver/Src/stm32f3xx_hal_spi.o
 .debug_info    0x0000dd60     0x2a70 ./Drivers/STM32F3xx_HAL_Driver/Src/stm32f3xx_hal_tim.o
 .debug_info    0x000107d0     0x156d ./Drivers/STM32F3xx_HAL_Driver/Src/stm32f3xx_hal_tim_ex.o
 .debug_info    0x00011d3d     0x39a8 ./Drivers/STM32F3xx_HAL_Driver/Src/stm32f3xx_hal_uart.o

.debug_abbrev   0x00000000     0x2986
 .debug_abbrev  0x00000000      0x2c2 ./Core/Src/main.o
 .debug_abbrev  0x000002c2      0x10a ./Core/Src/pid.o
 .debug_abbrev  0x000003cc      0x268 ./Core/Src/stm32f3xx_hal_msp.o
 .debug_abbrev  0x00000634      0x170 ./Core/Src/stm32f3xx_it.o
 .debug_abbrev  0x000007a4      0x11a ./Core/Src/system_stm32f3xx.o
 .debug_abbrev  0x000008be       0x24 ./Core/Startup/startup_stm32f301k6tx.o
 .debug_abbrev  0x000008e2      0x249 ./Drivers/STM32F3xx_HAL_Driver/Src/stm32f3xx_hal.o
 .debug_abbrev  0x00000b2b      0x186 ./Drivers/STM32F3xx_HAL_Driver/Src/stm32f3xx_hal_adc.o
 .debug_abbrev  0x00000cb1      0x28e ./Drivers/STM32F3xx_HAL_Driver/Src/stm32f3xx_hal_adc_ex.o
 .debug_abbrev  0x00000f3f      0x2f8 ./Drivers/STM32F3xx_HAL_Driver/Src/stm32f3xx_hal_cortex.o
 .debug_abbrev  0x00001237      0x20d ./Drivers/STM32F3xx_HAL_Driver/Src/stm32f3xx_hal_dma.o
 .debug_abbrev  0x00001444      0x1ca ./Drivers/STM32F3xx_HAL_Driver/Src/stm32f3xx_hal_gpio.o
 .debug_abbrev  0x0000160e      0x260 ./Drivers/STM32F3xx_HAL_Driver/Src/stm32f3xx_hal_i2c.o
 .debug_abbrev  0x0000186e      0x1c2 ./Drivers/STM32F3xx_HAL_Driver/Src/stm32f3xx_hal_i2c_ex.o
 .debug_abbrev  0x00001a30      0x300 ./Drivers/STM32F3xx_HAL_Driver/Src/stm32f3xx_hal_rcc.o
 .debug_abbrev  0x00001d30      0x221 ./Drivers/STM32F3xx_HAL_Driver/Src/stm32f3xx_hal_rcc_ex.o
 .debug_abbrev  0x00001f51      0x269 ./Drivers/STM32F3xx_HAL_Driver/Src/stm32f3xx_hal_spi.o
 .debug_abbrev  0x000021ba      0x278 ./Drivers/STM32F3xx_HAL_Driver/Src/stm32f3xx_hal_tim.o
 .debug_abbrev  0x00002432      0x283 ./Drivers/STM32F3xx_HAL_Driver/Src/stm32f3xx_hal_tim_ex.o
 .debug_abbrev  0x000026b5      0x2d1 ./Drivers/STM32F3xx_HAL_Driver/Src/stm32f3xx_hal_uart.o

.debug_aranges  0x00000000     0x13c8
 .debug_aranges
                0x00000000       0x70 ./Core/Src/main.o
 .debug_aranges
                0x00000070       0x50 ./Core/Src/pid.o
 .debug_aranges
                0x000000c0       0x78 ./Core/Src/stm32f3xx_hal_msp.o
 .debug_aranges
                0x00000138       0x78 ./Core/Src/stm32f3xx_it.o
 .debug_aranges
                0x000001b0       0x28 ./Core/Src/system_stm32f3xx.o
 .debug_aranges
                0x000001d8       0x28 ./Core/Startup/startup_stm32f301k6tx.o
 .debug_aranges
                0x00000200       0xe0 ./Drivers/STM32F3xx_HAL_Driver/Src/stm32f3xx_hal.o
 .debug_aranges
                0x000002e0       0xc8 ./Drivers/STM32F3xx_HAL_Driver/Src/stm32f3xx_hal_adc.o
 .debug_aranges
                0x000003a8      0x140 ./Drivers/STM32F3xx_HAL_Driver/Src/stm32f3xx_hal_adc_ex.o
 .debug_aranges
                0x000004e8      0x100 ./Drivers/STM32F3xx_HAL_Driver/Src/stm32f3xx_hal_cortex.o
 .debug_aranges
                0x000005e8       0x88 ./Drivers/STM32F3xx_HAL_Driver/Src/stm32f3xx_hal_dma.o
 .debug_aranges
                0x00000670       0x58 ./Drivers/STM32F3xx_HAL_Driver/Src/stm32f3xx_hal_gpio.o
 .debug_aranges
                0x000006c8      0x2a0 ./Drivers/STM32F3xx_HAL_Driver/Src/stm32f3xx_hal_i2c.o
 .debug_aranges
                0x00000968       0x48 ./Drivers/STM32F3xx_HAL_Driver/Src/stm32f3xx_hal_i2c_ex.o
 .debug_aranges
                0x000009b0       0x88 ./Drivers/STM32F3xx_HAL_Driver/Src/stm32f3xx_hal_rcc.o
 .debug_aranges
                0x00000a38       0x38 ./Drivers/STM32F3xx_HAL_Driver/Src/stm32f3xx_hal_rcc_ex.o
 .debug_aranges
                0x00000a70      0x1d8 ./Drivers/STM32F3xx_HAL_Driver/Src/stm32f3xx_hal_spi.o
 .debug_aranges
                0x00000c48      0x3e0 ./Drivers/STM32F3xx_HAL_Driver/Src/stm32f3xx_hal_tim.o
 .debug_aranges
                0x00001028      0x178 ./Drivers/STM32F3xx_HAL_Driver/Src/stm32f3xx_hal_tim_ex.o
 .debug_aranges
                0x000011a0      0x228 ./Drivers/STM32F3xx_HAL_Driver/Src/stm32f3xx_hal_uart.o

.debug_rnglists
                0x00000000      0xfa4
 .debug_rnglists
                0x00000000       0x56 ./Core/Src/main.o
 .debug_rnglists
                0x00000056       0x3c ./Core/Src/pid.o
 .debug_rnglists
                0x00000092       0x59 ./Core/Src/stm32f3xx_hal_msp.o
 .debug_rnglists
                0x000000eb       0x55 ./Core/Src/stm32f3xx_it.o
 .debug_rnglists
                0x00000140       0x1a ./Core/Src/system_stm32f3xx.o
 .debug_rnglists
                0x0000015a       0x19 ./Core/Startup/startup_stm32f301k6tx.o
 .debug_rnglists
                0x00000173       0xa3 ./Drivers/STM32F3xx_HAL_Driver/Src/stm32f3xx_hal.o
 .debug_rnglists
                0x00000216       0x91 ./Drivers/STM32F3xx_HAL_Driver/Src/stm32f3xx_hal_adc.o
 .debug_rnglists
                0x000002a7      0x104 ./Drivers/STM32F3xx_HAL_Driver/Src/stm32f3xx_hal_adc_ex.o
 .debug_rnglists
                0x000003ab       0xbb ./Drivers/STM32F3xx_HAL_Driver/Src/stm32f3xx_hal_cortex.o
 .debug_rnglists
                0x00000466       0x69 ./Drivers/STM32F3xx_HAL_Driver/Src/stm32f3xx_hal_dma.o
 .debug_rnglists
                0x000004cf       0x3f ./Drivers/STM32F3xx_HAL_Driver/Src/stm32f3xx_hal_gpio.o
 .debug_rnglists
                0x0000050e      0x228 ./Drivers/STM32F3xx_HAL_Driver/Src/stm32f3xx_hal_i2c.o
 .debug_rnglists
                0x00000736       0x35 ./Drivers/STM32F3xx_HAL_Driver/Src/stm32f3xx_hal_i2c_ex.o
 .debug_rnglists
                0x0000076b       0x66 ./Drivers/STM32F3xx_HAL_Driver/Src/stm32f3xx_hal_rcc.o
 .debug_rnglists
                0x000007d1       0x28 ./Drivers/STM32F3xx_HAL_Driver/Src/stm32f3xx_hal_rcc_ex.o
 .debug_rnglists
                0x000007f9      0x178 ./Drivers/STM32F3xx_HAL_Driver/Src/stm32f3xx_hal_spi.o
 .debug_rnglists
                0x00000971      0x328 ./Drivers/STM32F3xx_HAL_Driver/Src/stm32f3xx_hal_tim.o
 .debug_rnglists
                0x00000c99      0x131 ./Drivers/STM32F3xx_HAL_Driver/Src/stm32f3xx_hal_tim_ex.o
 .debug_rnglists
                0x00000dca      0x1da ./Drivers/STM32F3xx_HAL_Driver/Src/stm32f3xx_hal_uart.o

.debug_macro    0x00000000    0x17363
 .debug_macro   0x00000000      0x2d7 ./Core/Src/main.o
 .debug_macro   0x000002d7      0xad8 ./Core/Src/main.o
 .debug_macro   0x00000daf      0x16a ./Core/Src/main.o
 .debug_macro   0x00000f19       0x2e ./Core/Src/main.o
 .debug_macro   0x00000f47       0x28 ./Core/Src/main.o
 .debug_macro   0x00000f6f       0x22 ./Core/Src/main.o
 .debug_macro   0x00000f91       0x8e ./Core/Src/main.o
 .debug_macro   0x0000101f       0x51 ./Core/Src/main.o
 .debug_macro   0x00001070      0x103 ./Core/Src/main.o
 .debug_macro   0x00001173       0x6a ./Core/Src/main.o
 .debug_macro   0x000011dd      0x1df ./Core/Src/main.o
 .debug_macro   0x000013bc       0x1c ./Core/Src/main.o
 .debug_macro   0x000013d8       0x22 ./Core/Src/main.o
 .debug_macro   0x000013fa       0xd9 ./Core/Src/main.o
 .debug_macro   0x000014d3      0xf07 ./Core/Src/main.o
 .debug_macro   0x000023da     0xb11f ./Core/Src/main.o
 .debug_macro   0x0000d4f9       0x6d ./Core/Src/main.o
 .debug_macro   0x0000d566     0x3574 ./Core/Src/main.o
 .debug_macro   0x00010ada      0x190 ./Core/Src/main.o
 .debug_macro   0x00010c6a       0x55 ./Core/Src/main.o
 .debug_macro   0x00010cbf      0x8f8 ./Core/Src/main.o
 .debug_macro   0x000115b7      0x39d ./Core/Src/main.o
 .debug_macro   0x00011954      0x1b5 ./Core/Src/main.o
 .debug_macro   0x00011b09      0x153 ./Core/Src/main.o
 .debug_macro   0x00011c5c      0x1d5 ./Core/Src/main.o
 .debug_macro   0x00011e31      0x1bc ./Core/Src/main.o
 .debug_macro   0x00011fed       0x34 ./Core/Src/main.o
 .debug_macro   0x00012021       0x3c ./Core/Src/main.o
 .debug_macro   0x0001205d       0x57 ./Core/Src/main.o
 .debug_macro   0x000120b4      0x7b9 ./Core/Src/main.o
 .debug_macro   0x0001286d       0x77 ./Core/Src/main.o
 .debug_macro   0x000128e4       0xc5 ./Core/Src/main.o
 .debug_macro   0x000129a9      0x19f ./Core/Src/main.o
 .debug_macro   0x00012b48      0x22c ./Core/Src/main.o
 .debug_macro   0x00012d74       0x5b ./Core/Src/main.o
 .debug_macro   0x00012dcf       0xa5 ./Core/Src/main.o
 .debug_macro   0x00012e74       0x81 ./Core/Src/main.o
 .debug_macro   0x00012ef5       0xd3 ./Core/Src/main.o
 .debug_macro   0x00012fc8      0x2fe ./Core/Src/main.o
 .debug_macro   0x000132c6      0xa60 ./Core/Src/main.o
 .debug_macro   0x00013d26       0x41 ./Core/Src/main.o
 .debug_macro   0x00013d67      0x5ba ./Core/Src/main.o
 .debug_macro   0x00014321       0x44 ./Core/Src/main.o
 .debug_macro   0x00014365      0x1db ./Core/Src/main.o
 .debug_macro   0x00014540       0x4c ./Core/Src/main.o
 .debug_macro   0x0001458c       0x61 ./Core/Src/main.o
 .debug_macro   0x000145ed       0x2a ./Core/Src/main.o
 .debug_macro   0x00014617       0x43 ./Core/Src/main.o
 .debug_macro   0x0001465a       0x34 ./Core/Src/main.o
 .debug_macro   0x0001468e      0x370 ./Core/Src/main.o
 .debug_macro   0x000149fe       0x16 ./Core/Src/main.o
 .debug_macro   0x00014a14       0x4a ./Core/Src/main.o
 .debug_macro   0x00014a5e       0x34 ./Core/Src/main.o
 .debug_macro   0x00014a92       0x10 ./Core/Src/main.o
 .debug_macro   0x00014aa2       0x58 ./Core/Src/main.o
 .debug_macro   0x00014afa       0x8e ./Core/Src/main.o
 .debug_macro   0x00014b88       0x1c ./Core/Src/main.o
 .debug_macro   0x00014ba4      0x185 ./Core/Src/main.o
 .debug_macro   0x00014d29      0x19b ./Core/Src/main.o
 .debug_macro   0x00014ec4      0x20a ./Core/Src/pid.o
 .debug_macro   0x000150ce      0x200 ./Core/Src/stm32f3xx_hal_msp.o
 .debug_macro   0x000152ce      0x20a ./Core/Src/stm32f3xx_it.o
 .debug_macro   0x000154d8      0x1f1 ./Core/Src/system_stm32f3xx.o
 .debug_macro   0x000156c9      0x215 ./Drivers/STM32F3xx_HAL_Driver/Src/stm32f3xx_hal.o
 .debug_macro   0x000158de      0x1f2 ./Drivers/STM32F3xx_HAL_Driver/Src/stm32f3xx_hal_adc.o
 .debug_macro   0x00015ad0      0x21b ./Drivers/STM32F3xx_HAL_Driver/Src/stm32f3xx_hal_adc_ex.o
 .debug_macro   0x00015ceb      0x1f1 ./Drivers/STM32F3xx_HAL_Driver/Src/stm32f3xx_hal_cortex.o
 .debug_macro   0x00015edc      0x1f1 ./Drivers/STM32F3xx_HAL_Driver/Src/stm32f3xx_hal_dma.o
 .debug_macro   0x000160cd      0x1f8 ./Drivers/STM32F3xx_HAL_Driver/Src/stm32f3xx_hal_gpio.o
 .debug_macro   0x000162c5      0x2bd ./Drivers/STM32F3xx_HAL_Driver/Src/stm32f3xx_hal_i2c.o
 .debug_macro   0x00016582      0x1f1 ./Drivers/STM32F3xx_HAL_Driver/Src/stm32f3xx_hal_i2c_ex.o
 .debug_macro   0x00016773      0x215 ./Drivers/STM32F3xx_HAL_Driver/Src/stm32f3xx_hal_rcc.o
 .debug_macro   0x00016988      0x1f1 ./Drivers/STM32F3xx_HAL_Driver/Src/stm32f3xx_hal_rcc_ex.o
 .debug_macro   0x00016b79      0x1f9 ./Drivers/STM32F3xx_HAL_Driver/Src/stm32f3xx_hal_spi.o
 .debug_macro   0x00016d72      0x1f2 ./Drivers/STM32F3xx_HAL_Driver/Src/stm32f3xx_hal_tim.o
 .debug_macro   0x00016f64      0x1f1 ./Drivers/STM32F3xx_HAL_Driver/Src/stm32f3xx_hal_tim_ex.o
 .debug_macro   0x00017155      0x20e ./Drivers/STM32F3xx_HAL_Driver/Src/stm32f3xx_hal_uart.o

.debug_line     0x00000000    0x18f33
 .debug_line    0x00000000      0xc89 ./Core/Src/main.o
 .debug_line    0x00000c89      0xa94 ./Core/Src/pid.o
 .debug_line    0x0000171d      0xa13 ./Core/Src/stm32f3xx_hal_msp.o
 .debug_line    0x00002130      0x8bb ./Core/Src/stm32f3xx_it.o
 .debug_line    0x000029eb      0x83e ./Core/Src/system_stm32f3xx.o
 .debug_line    0x00003229       0x7a ./Core/Startup/startup_stm32f301k6tx.o
 .debug_line    0x000032a3      0xa7a ./Drivers/STM32F3xx_HAL_Driver/Src/stm32f3xx_hal.o
 .debug_line    0x00003d1d      0x9b4 ./Drivers/STM32F3xx_HAL_Driver/Src/stm32f3xx_hal_adc.o
 .debug_line    0x000046d1     0x1b47 ./Drivers/STM32F3xx_HAL_Driver/Src/stm32f3xx_hal_adc_ex.o
 .debug_line    0x00006218      0xc3e ./Drivers/STM32F3xx_HAL_Driver/Src/stm32f3xx_hal_cortex.o
 .debug_line    0x00006e56      0xd44 ./Drivers/STM32F3xx_HAL_Driver/Src/stm32f3xx_hal_dma.o
 .debug_line    0x00007b9a      0xbb1 ./Drivers/STM32F3xx_HAL_Driver/Src/stm32f3xx_hal_gpio.o
 .debug_line    0x0000874b     0x37cb ./Drivers/STM32F3xx_HAL_Driver/Src/stm32f3xx_hal_i2c.o
 .debug_line    0x0000bf16      0x92a ./Drivers/STM32F3xx_HAL_Driver/Src/stm32f3xx_hal_i2c_ex.o
 .debug_line    0x0000c840     0x15d9 ./Drivers/STM32F3xx_HAL_Driver/Src/stm32f3xx_hal_rcc.o
 .debug_line    0x0000de19      0xcac ./Drivers/STM32F3xx_HAL_Driver/Src/stm32f3xx_hal_rcc_ex.o
 .debug_line    0x0000eac5     0x210b ./Drivers/STM32F3xx_HAL_Driver/Src/stm32f3xx_hal_spi.o
 .debug_line    0x00010bd0     0x3cf9 ./Drivers/STM32F3xx_HAL_Driver/Src/stm32f3xx_hal_tim.o
 .debug_line    0x000148c9     0x1a06 ./Drivers/STM32F3xx_HAL_Driver/Src/stm32f3xx_hal_tim_ex.o
 .debug_line    0x000162cf     0x2c64 ./Drivers/STM32F3xx_HAL_Driver/Src/stm32f3xx_hal_uart.o

.debug_str      0x00000000    0x91c81
 .debug_str     0x00000000    0x91c81 ./Core/Src/main.o
                              0x8dad7 (size before relaxing)
 .debug_str     0x00091c81    0x88864 ./Core/Src/pid.o
 .debug_str     0x00091c81    0x89795 ./Core/Src/stm32f3xx_hal_msp.o
 .debug_str     0x00091c81    0x88a81 ./Core/Src/stm32f3xx_it.o
 .debug_str     0x00091c81    0x887c0 ./Core/Src/system_stm32f3xx.o
 .debug_str     0x00091c81       0x7a ./Core/Startup/startup_stm32f301k6tx.o
 .debug_str     0x00091c81    0x88e9f ./Drivers/STM32F3xx_HAL_Driver/Src/stm32f3xx_hal.o
 .debug_str     0x00091c81    0x88dad ./Drivers/STM32F3xx_HAL_Driver/Src/stm32f3xx_hal_adc.o
 .debug_str     0x00091c81    0x893e2 ./Drivers/STM32F3xx_HAL_Driver/Src/stm32f3xx_hal_adc_ex.o
 .debug_str     0x00091c81    0x88dc4 ./Drivers/STM32F3xx_HAL_Driver/Src/stm32f3xx_hal_cortex.o
 .debug_str     0x00091c81    0x88b08 ./Drivers/STM32F3xx_HAL_Driver/Src/stm32f3xx_hal_dma.o
 .debug_str     0x00091c81    0x88936 ./Drivers/STM32F3xx_HAL_Driver/Src/stm32f3xx_hal_gpio.o
 .debug_str     0x00091c81    0x89ac0 ./Drivers/STM32F3xx_HAL_Driver/Src/stm32f3xx_hal_i2c.o
 .debug_str     0x00091c81    0x88cc0 ./Drivers/STM32F3xx_HAL_Driver/Src/stm32f3xx_hal_i2c_ex.o
 .debug_str     0x00091c81    0x88c60 ./Drivers/STM32F3xx_HAL_Driver/Src/stm32f3xx_hal_rcc.o
 .debug_str     0x00091c81    0x889d2 ./Drivers/STM32F3xx_HAL_Driver/Src/stm32f3xx_hal_rcc_ex.o
 .debug_str     0x00091c81    0x890e6 ./Drivers/STM32F3xx_HAL_Driver/Src/stm32f3xx_hal_spi.o
 .debug_str     0x00091c81    0x89bf7 ./Drivers/STM32F3xx_HAL_Driver/Src/stm32f3xx_hal_tim.o
 .debug_str     0x00091c81    0x8943d ./Drivers/STM32F3xx_HAL_Driver/Src/stm32f3xx_hal_tim_ex.o
 .debug_str     0x00091c81    0x894e3 ./Drivers/STM32F3xx_HAL_Driver/Src/stm32f3xx_hal_uart.o

.comment        0x00000000       0x43
 .comment       0x00000000       0x43 ./Core/Src/main.o
                                 0x44 (size before relaxing)
 .comment       0x00000043       0x44 ./Core/Src/pid.o
 .comment       0x00000043       0x44 ./Core/Src/stm32f3xx_hal_msp.o
 .comment       0x00000043       0x44 ./Core/Src/stm32f3xx_it.o
 .comment       0x00000043       0x44 ./Core/Src/system_stm32f3xx.o
 .comment       0x00000043       0x44 ./Drivers/STM32F3xx_HAL_Driver/Src/stm32f3xx_hal.o
 .comment       0x00000043       0x44 ./Drivers/STM32F3xx_HAL_Driver/Src/stm32f3xx_hal_adc.o
 .comment       0x00000043       0x44 ./Drivers/STM32F3xx_HAL_Driver/Src/stm32f3xx_hal_adc_ex.o
 .comment       0x00000043       0x44 ./Drivers/STM32F3xx_HAL_Driver/Src/stm32f3xx_hal_cortex.o
 .comment       0x00000043       0x44 ./Drivers/STM32F3xx_HAL_Driver/Src/stm32f3xx_hal_dma.o
 .comment       0x00000043       0x44 ./Drivers/STM32F3xx_HAL_Driver/Src/stm32f3xx_hal_gpio.o
 .comment       0x00000043       0x44 ./Drivers/STM32F3xx_HAL_Driver/Src/stm32f3xx_hal_i2c.o
 .comment       0x00000043       0x44 ./Drivers/STM32F3xx_HAL_Driver/Src/stm32f3xx_hal_i2c_ex.o
 .comment       0x00000043       0x44 ./Drivers/STM32F3xx_HAL_Driver/Src/stm32f3xx_hal_rcc.o
 .comment       0x00000043       0x44 ./Drivers/STM32F3xx_HAL_Driver/Src/stm32f3xx_hal_rcc_ex.o
 .comment       0x00000043       0x44 ./Drivers/STM32F3xx_HAL_Driver/Src/stm32f3xx_hal_spi.o
 .comment       0x00000043       0x44 ./Drivers/STM32F3xx_HAL_Driver/Src/stm32f3xx_hal_tim.o
 .comment       0x00000043       0x44 ./Drivers/STM32F3xx_HAL_Driver/Src/stm32f3xx_hal_tim_ex.o
 .comment       0x00000043       0x44 ./Drivers/STM32F3xx_HAL_Driver/Src/stm32f3xx_hal_uart.o

.debug_frame    0x00000000     0x5510
 .debug_frame   0x00000000      0x174 ./Core/Src/main.o
 .debug_frame   0x00000174      0x128 ./Core/Src/pid.o
 .debug_frame   0x0000029c      0x1cc ./Core/Src/stm32f3xx_hal_msp.o
 .debug_frame   0x00000468      0x158 ./Core/Src/stm32f3xx_it.o
 .debug_frame   0x000005c0       0x58 ./Core/Src/system_stm32f3xx.o
 .debug_frame   0x00000618      0x334 ./Drivers/STM32F3xx_HAL_Driver/Src/stm32f3xx_hal.o
 .debug_frame   0x0000094c      0x380 ./Drivers/STM32F3xx_HAL_Driver/Src/stm32f3xx_hal_adc.o
 .debug_frame   0x00000ccc      0x57c ./Drivers/STM32F3xx_HAL_Driver/Src/stm32f3xx_hal_adc_ex.o
 .debug_frame   0x00001248      0x428 ./Drivers/STM32F3xx_HAL_Driver/Src/stm32f3xx_hal_cortex.o
 .debug_frame   0x00001670      0x224 ./Drivers/STM32F3xx_HAL_Driver/Src/stm32f3xx_hal_dma.o
 .debug_frame   0x00001894      0x14c ./Drivers/STM32F3xx_HAL_Driver/Src/stm32f3xx_hal_gpio.o
 .debug_frame   0x000019e0      0xc38 ./Drivers/STM32F3xx_HAL_Driver/Src/stm32f3xx_hal_i2c.o
 .debug_frame   0x00002618      0x100 ./Drivers/STM32F3xx_HAL_Driver/Src/stm32f3xx_hal_i2c_ex.o
 .debug_frame   0x00002718      0x214 ./Drivers/STM32F3xx_HAL_Driver/Src/stm32f3xx_hal_rcc.o
 .debug_frame   0x0000292c       0xb0 ./Drivers/STM32F3xx_HAL_Driver/Src/stm32f3xx_hal_rcc_ex.o
 .debug_frame   0x000029dc      0x860 ./Drivers/STM32F3xx_HAL_Driver/Src/stm32f3xx_hal_spi.o
 .debug_frame   0x0000323c     0x1218 ./Drivers/STM32F3xx_HAL_Driver/Src/stm32f3xx_hal_tim.o
 .debug_frame   0x00004454      0x688 ./Drivers/STM32F3xx_HAL_Driver/Src/stm32f3xx_hal_tim_ex.o
 .debug_frame   0x00004adc      0x9e8 ./Drivers/STM32F3xx_HAL_Driver/Src/stm32f3xx_hal_uart.o
 .debug_frame   0x000054c4       0x20 C:/ST/STM32CubeIDE_1.19.0/STM32CubeIDE/plugins/com.st.stm32cube.ide.mcu.externaltools.gnu-tools-for-stm32.13.3.rel1.win32_1.0.0.202411081344/tools/bin/../lib/gcc/arm-none-eabi/13.3.1/../../../../arm-none-eabi/lib/thumb/v7e-m+fp/hard\libc_nano.a(libc_a-memset.o)
 .debug_frame   0x000054e4       0x2c C:/ST/STM32CubeIDE_1.19.0/STM32CubeIDE/plugins/com.st.stm32cube.ide.mcu.externaltools.gnu-tools-for-stm32.13.3.rel1.win32_1.0.0.202411081344/tools/bin/../lib/gcc/arm-none-eabi/13.3.1/../../../../arm-none-eabi/lib/thumb/v7e-m+fp/hard\libc_nano.a(libc_a-init.o)

.debug_line_str
                0x00000000       0x5e
 .debug_line_str
                0x00000000       0x5e ./Core/Startup/startup_stm32f301k6tx.o
